test
<?php phpinfo(); ?>